数据加载完成：训练集 60000 张，测试集 10000 张
使用设备：cuda
==================================================
开始训练...
==================================================
  轮次 1/3 | 批次 0/938 | 损失: 2.3471
  轮次 1/3 | 批次 200/938 | 损失: 0.3214
  轮次 1/3 | 批次 400/938 | 损失: 0.1869
  轮次 1/3 | 批次 600/938 | 损失: 0.1105
  轮次 1/3 | 批次 800/938 | 损失: 0.1465
第 1 轮完成，平均损失: 0.2601
--------------------------------------------------
  轮次 2/3 | 批次 0/938 | 损失: 0.1217
  轮次 2/3 | 批次 200/938 | 损失: 0.0765
  轮次 2/3 | 批次 400/938 | 损失: 0.1313
  轮次 2/3 | 批次 600/938 | 损失: 0.0461
  轮次 2/3 | 批次 800/938 | 损失: 0.1837
第 2 轮完成，平均损失: 0.1130
--------------------------------------------------
  轮次 3/3 | 批次 0/938 | 损失: 0.0281
  轮次 3/3 | 批次 200/938 | 损失: 0.0570
  轮次 3/3 | 批次 400/938 | 损失: 0.0552
  轮次 3/3 | 批次 600/938 | 损失: 0.0284
  轮次 3/3 | 批次 800/938 | 损失: 0.0483
第 3 轮完成，平均损失: 0.0790
--------------------------------------------------

开始测试...

测试结果：9706/10000 预测正确
准确率：97.06%

训练完成！
